// Jest Snapshot v1, https://goo.gl/fbAQLP

exports[`Home renders home component 1`] = `
<div>
  <h1>
    HOME PAGE
  </h1>
  <p>
    xx
  </p>
  <div>
    <button
      onClick={[Function]}
    >
      Add random
    </button>
    <button
      className="reportButton"
      onClick={[Function]}
    >
      Report last user id
    </button>
  </div>
  <hr />
  <Component
    age={27}
    id={1}
    key="1"
    name="Jakub"
  />
  <Component
    age={33}
    id={2}
    key="2"
    name="Pepa"
  />
  <Component
    age={21}
    id={3}
    key="3"
    name="Petr"
  />
  <Component
    age={20}
    id={4}
    key="4"
    name="Honza"
  />
</div>
`;
